     1                                  section .data
     2 00000000 FF28FF                  	var1 db 255,40,255
     3 00000003 41                      	var2 db 65 
     4                                  	MAP_FAILED equ -1
     5                                  	PROT_READ equ 0x1
     6                                  	PROT_WRITE equ 0x2
     7                                  	PROT_EXEC equ 0x4
     8                                  	PROT_NONE equ 0x0
     9                                  	MAP_PRIVATE equ 0x2
    10                                  	MAP_ANONYMOUS equ 0x20
    11                                  	
    12                                  section .bss
    13 00000000 <res 00000008>          	prueba resq 1
    14                                  	
    15                                  section .text
    16                                  global main
    17                                    
    18                                  main:
    19 00000000 55                      	push rbp
    20 00000001 4889E5                  	mov rbp, rsp
    21 00000004 4831C0                  	xor rax, rax
    22 00000007 4831DB                  	xor rbx, rbx
    23 0000000A 4831C9                  	xor rcx, rcx
    24                                  	;lea rbx, [var1]
    25                                  	;lea rcx, [rbx+1]
    26                                  	;xor rdx, rdx
    27                                  	;mov dl, [var2]
    28                                  	;mov [rcx], dl
    29                                  	
    30                                  	;Prueba MMAP
    31 0000000D B809000000              	mov rax, 9								;mmap syscall no.
    32 00000012 BF00000000              	mov rdi, 0								;hint 
    33 00000017 BE00100000              	mov rsi, 4096							;page size
    34 0000001C BA03000000              	mov rdx, PROT_READ | PROT_WRITE			;Read and write memory
    35 00000021 41BA22000000            	mov r10, MAP_PRIVATE | MAP_ANONYMOUS	;no shared pages
    36 00000027 41B800000000            	mov r8, 0 								;no file descriptor
    37 0000002D 41B900000000            	mov r9, 0								;no offset
    38 00000033 0F05                    	syscall
    39                                  	
    40 00000035 C600FF                  	mov [rax], byte 0xff
    41                                  	
    42 00000038 4889EC                  	mov rsp, rbp ;leave
    43 0000003B 5D                      	pop rbp
    44 0000003C C3                      ret
